// Jest Snapshot v1, https://goo.gl/fbAQLP

exports[`EventsTable renders 1`] = `
<h1>
  stuff
</h1>
`;
