// Jest Snapshot v1, https://goo.gl/fbAQLP

exports[`Checkbox renders 1`] = `
<input
  checked={false}
  className="chk-select"
  type="checkbox"
/>
`;
