// Jest Snapshot v1, https://goo.gl/fbAQLP

exports[`Toolbar renders 1`] = `
.emotion-0 {
  background: #fbfbfc;
  border: 1px solid #E2DBE8;
  border-bottom: none;
  border-radius: 3px 3px 0 0;
  box-shadow: 0 1px 0 #E2DBE8;
  margin: 0;
}

<div
  className="emotion-0 emotion-1"
>
  <div />
</div>
`;
