// Jest Snapshot v1, https://goo.gl/fbAQLP

exports[`AdminSettings render() renders 1`] = `""`;
